Warning[w6]: Type conflict for external/entry "Auth", in module main against external/entry in module myRc522; prototyped function vs K&R function
  /* In module main: */
  /* K&R Function, args 0, attr 0 */
  int (__cc_version2 Auth)();
  /* In module myRc522: */
  /* Function, args 4, attr 0 */
  unsigned char (__cc_version2 Auth)(unsigned char,
                                     unsigned char,
                                     unsigned char *,
                                     unsigned char *);
Warning[w6]: Type conflict for external/entry "ReadBlock", in module main against external/entry in module myRc522; prototyped function vs K&R function
  /* In module main: */
  /* K&R Function, args 0, attr 0 */
  int (__cc_version2 ReadBlock)();
  /* In module myRc522: */
  /* Function, args 2, attr 0 */
  unsigned char (__cc_version2 ReadBlock)(unsigned char,
                                          unsigned char *);
Warning[w6]: Type conflict for external/entry "SelectTag", in module main against external/entry in module myRc522; prototyped function vs K&R function
  /* In module main: */
  /* K&R Function, args 0, attr 0 */
  int (__cc_version2 SelectTag)();
  /* In module myRc522: */
  /* Function, args 1, attr 0 */
  unsigned int (__cc_version2 SelectTag)(unsigned char *);
Warning[w6]: Type conflict for external/entry "WriteBlock", in module main against external/entry in module myRc522; prototyped function vs K&R function
  /* In module main: */
  /* K&R Function, args 0, attr 0 */
  int (__cc_version2 WriteBlock)();
  /* In module myRc522: */
  /* Function, args 2, attr 0 */
  unsigned char (__cc_version2 WriteBlock)(unsigned char,
                                           unsigned char *);
Warning[w6]: Type conflict for external/entry "kartIDOku", in module main against external/entry in module myRc522; prototyped function vs K&R function
  /* In module main: */
  /* K&R Function, args 0, attr 0 */
  int (__cc_version2 kartIDOku)();
  /* In module myRc522: */
  /* Function, args 1, attr 0 */
  unsigned char (__cc_version2 kartIDOku)(unsigned char *);
################################################################################
#                                                                              #
#      IAR Universal Linker V6.5.1.95                                          #
#                                                                              #
#           Link time     =  17/May/2024  17:07:55                             #
#           Target CPU    =  MSP430                                            #
#           List file     =  C:\Git_Workspace\RC522_RFID_WS\RC522_RFID\Debug\L #
#                            ist\RC522_RFID.map                                #
#           Output file 1 =  C:\Git_Workspace\RC522_RFID_WS\RC522_RFID\Debug\E #
#                            xe\RC522_RFID.d43                                 #
#                            Format: ubrof10                                   #
#                            UBROF version 10.0.6                              #
#                            Using library modules for C-SPY (-rt)             #
#           Command line  =  -f C:\Users\onurd\AppData\Local\Temp\EW5F51.tmp   #
#                            (C:\Git_Workspace\RC522_RFID_WS\RC522_RFID\Debug\ #
#                            Obj\main.r43                                      #
#                            C:\Git_Workspace\RC522_RFID_WS\RC522_RFID\Debug\O #
#                            bj\myRc522.r43                                    #
#                            -o                                                #
#                            C:\Git_Workspace\RC522_RFID_WS\RC522_RFID\Debug\E #
#                            xe\RC522_RFID.d43                                 #
#                            -l                                                #
#                            C:\Git_Workspace\RC522_RFID_WS\RC522_RFID\Debug\L #
#                            ist\RC522_RFID.map                                #
#                            -xms                                              #
#                            "-IC:\Program Files (x86)\IAR Systems\Embedded Wo #
#                            rkbench 8.0\430\LIB\"                             #
#                            -f                                                #
#                            "C:\Program Files (x86)\IAR Systems\Embedded Work #
#                            bench 8.0\430\config\linker\lnk430g2553.xcl"      #
#                            (-cmsp430 -QCODE_I=CODE_ID -QTLS16_I=TLS16_ID     #
#                            -Z(CONST)INFO=1000-10FF                           #
#                            -Z(CONST)INFOA=10C0-10FF                          #
#                            -Z(CONST)INFOB=1080-10BF                          #
#                            -Z(CONST)INFOC=1040-107F                          #
#                            -Z(CONST)INFOD=1000-103F                          #
#                            -Z(DATA)DATA16_I,DATA16_Z,DATA16_N,TLS16_I=0200-0 #
#                            3FF                                               #
#                            -Z(DATA)DATA16_HEAP+_DATA16_HEAP_SIZE             #
#                            -Z(DATA)CODE_I -Z(DATA)CSTACK+_STACK_SIZE#        #
#                            -Z(CONST)DATA16_C,DATA16_ID,TLS16_ID,DIFUNCT,CHEC #
#                            KSUM=C000-FFDD                                    #
#                            -Z(CODE)CSTART,ISR_CODE,CODE_ID=C000-FFDD         #
#                            -P(CODE)CODE=C000-FFDD                            #
#                            -Z(CONST)SIGNATURE=FFDE-FFDF                      #
#                            -Z(CODE)INTVEC=FFE0-FFFF                          #
#                            -Z(CODE)RESET=FFFE-FFFF) -D_STACK_SIZE=50 -rt     #
#                            "C:\Program Files (x86)\IAR Systems\Embedded Work #
#                            bench 8.0\430\lib\dlib\dl430fn.r43"               #
#                            -e_PrintfLarge=_Printf -e_ScanfLarge=_Scanf       #
#                            -D_DATA16_HEAP_SIZE=50 -s __program_start         #
#                            -D_DATA20_HEAP_SIZE=50)                           #
#                                                                              #
#                           Copyright (C) 1987-2016 IAR Systems AB.            #
################################################################################





                ****************************************
                *                                      *
                *           CROSS REFERENCE            *
                *                                      *
                ****************************************

       Program entry at :           C016  Relocatable, from module : ?cstart




                ****************************************
                *                                      *
                *            RUNTIME MODEL             *
                *                                      *
                ****************************************

  __Heap_Handler             = Basic
  __SystemLibrary            = DLib
  __core                     = 430
  __dlib_file_descriptor     = 0
  __dlib_full_locale_support = 0
  __double_size              = 32
  __pic                      = no
  __reg_r4                   = free
  __reg_r5                   = free
  __rt_version               = 3

                ****************************************
                *                                      *
                *    AUTOMATIC SYMBOL REDIRECTIONS     *
                *                                      *
                ****************************************

                  There are no automatic symbol redirections.



                ****************************************
                *                                      *
                *              MODULE MAP              *
                *                                      *
                ****************************************


  DEFINED ABSOLUTE ENTRIES
    *************************************************************************

  DEFINED ABSOLUTE ENTRIES
  PROGRAM MODULE, NAME : ?ABS_ENTRY_MOD

Absolute parts
           ENTRY                   ADDRESS         REF BY
           =====                   =======         ======
           _DATA20_HEAP_SIZE       0050 
           _DATA16_HEAP_SIZE       0050 
           _STACK_SIZE             0050 
    *************************************************************************

  FILE NAME : C:\Git_Workspace\RC522_RFID_WS\RC522_RFID\Debug\Obj\main.r43
  PROGRAM MODULE, NAME : main

  SEGMENTS IN THE MODULE
  ======================
DATA16_AN
  Relative segment, address: 0020 - 0020 (0x1 bytes), align: 0
  Segment part 1. ROOT        Intra module refs:   main
           ENTRY                   ADDRESS         REF BY
           =====                   =======         ======
           P1IN                    0020 
    -------------------------------------------------------------------------
DATA16_AN
  Relative segment, address: 0021 - 0021 (0x1 bytes), align: 0
  Segment part 2. ROOT        Intra module refs:   main
           ENTRY                   ADDRESS         REF BY
           =====                   =======         ======
           P1OUT                   0021 
    -------------------------------------------------------------------------
DATA16_AN
  Relative segment, address: 0022 - 0022 (0x1 bytes), align: 0
  Segment part 3. ROOT        Intra module refs:   main
           ENTRY                   ADDRESS         REF BY
           =====                   =======         ======
           P1DIR                   0022 
    -------------------------------------------------------------------------
DATA16_AN
  Relative segment, address: 0023 - 0023 (0x1 bytes), align: 0
  Segment part 4. ROOT        Intra module refs:   Port_1
                                                   main
           ENTRY                   ADDRESS         REF BY
           =====                   =======         ======
           P1IFG                   0023 
    -------------------------------------------------------------------------
DATA16_AN
  Relative segment, address: 0024 - 0024 (0x1 bytes), align: 0
  Segment part 5. ROOT        Intra module refs:   main
           ENTRY                   ADDRESS         REF BY
           =====                   =======         ======
           P1IES                   0024 
    -------------------------------------------------------------------------
DATA16_AN
  Relative segment, address: 0025 - 0025 (0x1 bytes), align: 0
  Segment part 6. ROOT        Intra module refs:   main
           ENTRY                   ADDRESS         REF BY
           =====                   =======         ======
           P1IE                    0025 
    -------------------------------------------------------------------------
DATA16_AN
  Relative segment, address: 0027 - 0027 (0x1 bytes), align: 0
  Segment part 7. ROOT        Intra module refs:   main
           ENTRY                   ADDRESS         REF BY
           =====                   =======         ======
           P1REN                   0027 
    -------------------------------------------------------------------------
DATA16_AN
  Relative segment, address: 0029 - 0029 (0x1 bytes), align: 0
  Segment part 8. ROOT        Intra module refs:   main
                                                   rc522ReadRegister (myRc522)
                                                   rc522WriteRegister (myRc522)
                                                   spiInit (myRc522)
           ENTRY                   ADDRESS         REF BY
           =====                   =======         ======
           P2OUT                   0029 
    -------------------------------------------------------------------------
DATA16_AN
  Relative segment, address: 002A - 002A (0x1 bytes), align: 0
  Segment part 9. ROOT        Intra module refs:   main
                                                   spiInit (myRc522)
           ENTRY                   ADDRESS         REF BY
           =====                   =======         ======
           P2DIR                   002A 
    -------------------------------------------------------------------------
DATA16_AN
  Relative segment, address: 002B - 002B (0x1 bytes), align: 0
  Segment part 10. ROOT       Intra module refs:   Port_2
                                                   main
           ENTRY                   ADDRESS         REF BY
           =====                   =======         ======
           P2IFG                   002B 
    -------------------------------------------------------------------------
DATA16_AN
  Relative segment, address: 002C - 002C (0x1 bytes), align: 0
  Segment part 11. ROOT       Intra module refs:   main
           ENTRY                   ADDRESS         REF BY
           =====                   =======         ======
           P2IES                   002C 
    -------------------------------------------------------------------------
DATA16_AN
  Relative segment, address: 002D - 002D (0x1 bytes), align: 0
  Segment part 12. ROOT       Intra module refs:   main
           ENTRY                   ADDRESS         REF BY
           =====                   =======         ======
           P2IE                    002D 
    -------------------------------------------------------------------------
DATA16_AN
  Relative segment, address: 002F - 002F (0x1 bytes), align: 0
  Segment part 13. ROOT       Intra module refs:   main
           ENTRY                   ADDRESS         REF BY
           =====                   =======         ======
           P2REN                   002F 
    -------------------------------------------------------------------------
DATA16_AN
  Relative segment, address: 0120 - 0121 (0x2 bytes), align: 0
  Segment part 14. ROOT       Intra module refs:   main
           ENTRY                   ADDRESS         REF BY
           =====                   =======         ======
           WDTCTL                  0120 
    -------------------------------------------------------------------------
DATA16_Z
  Relative segment, address: 0216 - 0217 (0x2 bytes), align: 1
  Segment part 23.            Intra module refs:   Port_1
                                                   main
           LOCAL                   ADDRESS         
           =====                   =======         
           dataflag                0216 
    -------------------------------------------------------------------------
DATA16_I
  Relative segment, address: 0200 - 020F (0x10 bytes), align: 0
  Segment part 25.            Intra module refs:   main
           ENTRY                   ADDRESS         REF BY
           =====                   =======         ======
           data1                   0200 
    -------------------------------------------------------------------------
DATA16_Z
  Relative segment, address: 0218 - 0227 (0x10 bytes), align: 0
  Segment part 27.            Intra module refs:   main
           ENTRY                   ADDRESS         REF BY
           =====                   =======         ======
           data2                   0218 
    -------------------------------------------------------------------------
DATA16_I
  Relative segment, address: 0210 - 0215 (0x6 bytes), align: 0
  Segment part 28.            Intra module refs:   main
           ENTRY                   ADDRESS         REF BY
           =====                   =======         ======
           DefaultKey              0210 
    -------------------------------------------------------------------------
DATA16_Z
  Relative segment, address: 0228 - 0259 (0x32 bytes), align: 0
  Segment part 30.            Intra module refs:   Port_2
                                                   main
           ENTRY                   ADDRESS         REF BY
           =====                   =======         ======
           tanimliIDs              0228 
    -------------------------------------------------------------------------
<CODE> 1 (was CODE)
  Relative segment, address: C03E - C2B5 (0x278 bytes), align: 1
  Segment part 32.
           ENTRY                   ADDRESS         REF BY
           =====                   =======         ======
           main                    C03E            Segment part 19 (?cstart)
               calls direct
    -------------------------------------------------------------------------
<CODE> 1 (was CODE)
  Relative segment, address: C4E4 - C597 (0xb4 bytes), align: 1
  Segment part 33.            Intra module refs:   Port_2::??INTVEC 6
           ENTRY                   ADDRESS         REF BY
           =====                   =======         ======
           Port_2                  C4E4 
               interrupt function
               calls direct
    -------------------------------------------------------------------------
DATA16_Z
  Relative segment, address: 025A - 025A (0x1 bytes), align: 0
  Segment part 31.            Intra module refs:   Port_2
           LOCAL                   ADDRESS         
           =====                   =======         
           Port_2::i               025A 
    -------------------------------------------------------------------------
<CODE> 1 (was CODE)
  Relative segment, address: C9B2 - C9BB (0xa bytes), align: 1
  Segment part 34.            Intra module refs:   Port_1::??INTVEC 4
           ENTRY                   ADDRESS         REF BY
           =====                   =======         ======
           Port_1                  C9B2 
               interrupt function
    -------------------------------------------------------------------------
INTVEC
  Common segment, address: FFE0 - FFE5 (0x6 bytes), align: 1
  Segment part 15. ROOT 
           ENTRY                   ADDRESS         REF BY
           =====                   =======         ======
           Port_1::??INTVEC 4      FFE4 
    -------------------------------------------------------------------------
INTVEC
  Common segment, address: FFE0 - FFE7 (0x8 bytes), align: 1
  Segment part 16. ROOT 
           ENTRY                   ADDRESS         REF BY
           =====                   =======         ======
           Port_2::??INTVEC 6      FFE6 
    -------------------------------------------------------------------------
DATA16_ID
  Relative segment, address: C000 - C00F (0x10 bytes), align: 0
  Segment part 26.            Intra module refs:   data1
    -------------------------------------------------------------------------
DATA16_ID
  Relative segment, address: C010 - C015 (0x6 bytes), align: 0
  Segment part 29.            Intra module refs:   DefaultKey

    *************************************************************************

  FILE NAME : C:\Git_Workspace\RC522_RFID_WS\RC522_RFID\Debug\Obj\myRc522.r43
  PROGRAM MODULE, NAME : myRc522

  SEGMENTS IN THE MODULE
  ======================
DATA16_AN
  Relative segment, address: 0003 - 0003 (0x1 bytes), align: 0
  Segment part 1. ROOT        Intra module refs:   spiRead
                                                   spiWrite
           ENTRY                   ADDRESS         REF BY
           =====                   =======         ======
           IFG2                    0003 
    -------------------------------------------------------------------------
DATA16_AN
  Relative segment, address: 0026 - 0026 (0x1 bytes), align: 0
  Segment part 2. ROOT        Intra module refs:   spiInit
           ENTRY                   ADDRESS         REF BY
           =====                   =======         ======
           P1SEL                   0026 
    -------------------------------------------------------------------------
DATA16_AN
  Relative segment, address: 0041 - 0041 (0x1 bytes), align: 0
  Segment part 3. ROOT        Intra module refs:   spiInit
           ENTRY                   ADDRESS         REF BY
           =====                   =======         ======
           P1SEL2                  0041 
    -------------------------------------------------------------------------
DATA16_AN
  Relative segment, address: 0061 - 0061 (0x1 bytes), align: 0
  Segment part 6. ROOT        Intra module refs:   spiInit
           ENTRY                   ADDRESS         REF BY
           =====                   =======         ======
           UCA0CTL1                0061 
    -------------------------------------------------------------------------
DATA16_AN
  Relative segment, address: 0068 - 0068 (0x1 bytes), align: 0
  Segment part 7. ROOT        Intra module refs:   spiInit
           ENTRY                   ADDRESS         REF BY
           =====                   =======         ======
           UCB0CTL0                0068 
    -------------------------------------------------------------------------
DATA16_AN
  Relative segment, address: 0069 - 0069 (0x1 bytes), align: 0
  Segment part 8. ROOT        Intra module refs:   spiInit
           ENTRY                   ADDRESS         REF BY
           =====                   =======         ======
           UCB0CTL1                0069 
    -------------------------------------------------------------------------
DATA16_AN
  Relative segment, address: 006A - 006A (0x1 bytes), align: 0
  Segment part 9. ROOT        Intra module refs:   spiInit
           ENTRY                   ADDRESS         REF BY
           =====                   =======         ======
           UCB0BR0                 006A 
    -------------------------------------------------------------------------
DATA16_AN
  Relative segment, address: 006B - 006B (0x1 bytes), align: 0
  Segment part 10. ROOT       Intra module refs:   spiInit
           ENTRY                   ADDRESS         REF BY
           =====                   =======         ======
           UCB0BR1                 006B 
    -------------------------------------------------------------------------
DATA16_AN
  Relative segment, address: 006E - 006E (0x1 bytes), align: 0
  Segment part 11. ROOT       Intra module refs:   spiRead
           ENTRY                   ADDRESS         REF BY
           =====                   =======         ======
           UCB0RXBUF               006E 
    -------------------------------------------------------------------------
DATA16_AN
  Relative segment, address: 006F - 006F (0x1 bytes), align: 0
  Segment part 12. ROOT       Intra module refs:   spiWrite
           ENTRY                   ADDRESS         REF BY
           =====                   =======         ======
           UCB0TXBUF               006F 
    -------------------------------------------------------------------------
<CODE> 1 (was CODE)
  Relative segment, address: C870 - C8A1 (0x32 bytes), align: 1
  Segment part 14.
           ENTRY                   ADDRESS         REF BY
           =====                   =======         ======
           spiInit                 C870            main (main)
    -------------------------------------------------------------------------
<CODE> 1 (was CODE)
  Relative segment, address: C9A6 - C9B1 (0xc bytes), align: 1
  Segment part 15.            Intra module refs:   rc522ReadRegister
                                                   rc522WriteRegister
           ENTRY                   ADDRESS         REF BY
           =====                   =======         ======
           spiWrite                C9A6 
    -------------------------------------------------------------------------
<CODE> 1 (was CODE)
  Relative segment, address: C99A - C9A5 (0xc bytes), align: 1
  Segment part 16.            Intra module refs:   rc522ReadRegister
           ENTRY                   ADDRESS         REF BY
           =====                   =======         ======
           spiRead                 C99A 
    -------------------------------------------------------------------------
<CODE> 1 (was CODE)
  Relative segment, address: C926 - C943 (0x1e bytes), align: 1
  Segment part 17.            Intra module refs:   CalulateCRC
                                                   ClearBitMask
                                                   Request
                                                   SetBitMask
                                                   ToCard
                                                   kartIDOku
                                                   rc522Init
                                                   rc522Reset
           ENTRY                   ADDRESS         REF BY
           =====                   =======         ======
           rc522WriteRegister      C926 
               calls direct
    -------------------------------------------------------------------------
<CODE> 1 (was CODE)
  Relative segment, address: C8A2 - C8C3 (0x22 bytes), align: 1
  Segment part 18.            Intra module refs:   Auth
                                                   CalulateCRC
                                                   ClearBitMask
                                                   SetBitMask
                                                   ToCard
                                                   rc522AntennaOn
           ENTRY                   ADDRESS         REF BY
           =====                   =======         ======
           rc522ReadRegister       C8A2 
               calls direct
    -------------------------------------------------------------------------
<CODE> 1 (was CODE)
  Relative segment, address: C8E6 - C905 (0x20 bytes), align: 1
  Segment part 19.            Intra module refs:   CalulateCRC
                                                   ToCard
                                                   rc522AntennaOn
           ENTRY                   ADDRESS         REF BY
           =====                   =======         ======
           SetBitMask              C8E6 
               calls direct
    -------------------------------------------------------------------------
<CODE> 1 (was CODE)
  Relative segment, address: C906 - C925 (0x20 bytes), align: 1
  Segment part 20.            Intra module refs:   CalulateCRC
                                                   ToCard
           ENTRY                   ADDRESS         REF BY
           =====                   =======         ======
           ClearBitMask            C906 
               calls direct
    -------------------------------------------------------------------------
<CODE> 1 (was CODE)
  Relative segment, address: C8C4 - C8E5 (0x22 bytes), align: 1
  Segment part 21.            Intra module refs:   rc522Init
           ENTRY                   ADDRESS         REF BY
           =====                   =======         ======
           rc522AntennaOn          C8C4 
               calls direct
    -------------------------------------------------------------------------
<CODE> 1 (was CODE)
  Relative segment, address: C9BC - C9C5 (0xa bytes), align: 1
  Segment part 23.            Intra module refs:   rc522Init
           ENTRY                   ADDRESS         REF BY
           =====                   =======         ======
           rc522Reset              C9BC 
               calls direct
    -------------------------------------------------------------------------
<CODE> 1 (was CODE)
  Relative segment, address: C78C - C7D9 (0x4e bytes), align: 1
  Segment part 24.
           ENTRY                   ADDRESS         REF BY
           =====                   =======         ======
           rc522Init               C78C            main (main)
               calls direct
    -------------------------------------------------------------------------
<CODE> 1 (was CODE)
  Relative segment, address: C598 - C627 (0x90 bytes), align: 1
  Segment part 26.
           ENTRY                   ADDRESS         REF BY
           =====                   =======         ======
           Auth                    C598            main (main)
               calls direct
    -------------------------------------------------------------------------
<CODE> 1 (was CODE)
  Relative segment, address: C6AC - C727 (0x7c bytes), align: 1
  Segment part 27.            Intra module refs:   ReadBlock
                                                   SelectTag
                                                   WriteBlock
           ENTRY                   ADDRESS         REF BY
           =====                   =======         ======
           CalulateCRC             C6AC 
               calls direct
    -------------------------------------------------------------------------
<CODE> 1 (was CODE)
  Relative segment, address: C628 - C6AB (0x84 bytes), align: 1
  Segment part 28.
           ENTRY                   ADDRESS         REF BY
           =====                   =======         ======
           SelectTag               C628            main (main)
               calls direct
    -------------------------------------------------------------------------
<CODE> 1 (was CODE)
  Relative segment, address: C7DA - C827 (0x4e bytes), align: 1
  Segment part 29.
           ENTRY                   ADDRESS         REF BY
           =====                   =======         ======
           ReadBlock               C7DA            main (main)
               calls direct
    -------------------------------------------------------------------------
<CODE> 1 (was CODE)
  Relative segment, address: C418 - C4E3 (0xcc bytes), align: 1
  Segment part 30.
           ENTRY                   ADDRESS         REF BY
           =====                   =======         ======
           WriteBlock              C418            main (main)
               calls direct
    -------------------------------------------------------------------------
<CODE> 1 (was CODE)
  Relative segment, address: C2B6 - C417 (0x162 bytes), align: 1
  Segment part 25.            Intra module refs:   Auth
                                                   ReadBlock
                                                   Request
                                                   SelectTag
                                                   WriteBlock
                                                   kartIDOku
           ENTRY                   ADDRESS         REF BY
           =====                   =======         ======
           ToCard                  C2B6 
               calls direct
    -------------------------------------------------------------------------
<CODE> 1 (was CODE)
  Relative segment, address: C828 - C86F (0x48 bytes), align: 1
  Segment part 31.
           ENTRY                   ADDRESS         REF BY
           =====                   =======         ======
           Request                 C828            Port_2 (main)
                                                   main (main)
               calls direct
    -------------------------------------------------------------------------
<CODE> 1 (was CODE)
  Relative segment, address: C728 - C78B (0x64 bytes), align: 1
  Segment part 32.
           ENTRY                   ADDRESS         REF BY
           =====                   =======         ======
           kartIDOku               C728            Port_2 (main)
                                                   main (main)
               calls direct

    *************************************************************************

  FILE NAME : C:\Program Files (x86)\IAR Systems\Embedded Workbench 8.0\430\lib\dlib\dl430fn.r43
  LIBRARY MODULE, NAME : ?__dbg_break

  SEGMENTS IN THE MODULE
  ======================
<CODE> 1 (was CODE)
  Relative segment, address: C9D2 - C9D3 (0x2 bytes), align: 1
  Segment part 2.
           ENTRY                   ADDRESS         REF BY
           =====                   =======         ======
           __DebugBreak            C9D2            __exit (?__exit)

    -------------------------------------------------------------------------
  LIBRARY MODULE, NAME : ?__exit

  SEGMENTS IN THE MODULE
  ======================
<CODE> 1 (was CODE)
  Relative segment, address: C956 - C967 (0x12 bytes), align: 1
  Segment part 2.
           ENTRY                   ADDRESS         REF BY
           =====                   =======         ======
           __exit                  C956            Segment part 6 (?_exit)
                                                   _exit (?_exit)
               calls direct

    -------------------------------------------------------------------------
  LIBRARY MODULE, NAME : ?_exit

  SEGMENTS IN THE MODULE
  ======================
<CODE> 1 (was CODE)
  Relative segment, address: C9C6, align: 1
  Segment part 0.
           ENTRY                   ADDRESS         REF BY
           =====                   =======         ======
           _exit                   C9C6            exit (?exit)
    -------------------------------------------------------------------------
<CODE> 1 (was CODE)
  Relative segment, address: C9C6 - C9C9 (0x4 bytes), align: 1
  Segment part 6.             Intra module refs:   _exit

    -------------------------------------------------------------------------
  LIBRARY MODULE, NAME : ?cstart

  SEGMENTS IN THE MODULE
  ======================
CSTACK
  Relative segment, address: 03B0, align: 1
  Segment part 1.
    -------------------------------------------------------------------------
DATA16_Z
  Relative segment, address: 0218, align: 1
  Segment part 2.
    -------------------------------------------------------------------------
DATA16_I
  Relative segment, address: 0200, align: 1
  Segment part 3.
    -------------------------------------------------------------------------
DATA16_ID
  Relative segment, address: C000, align: 1
  Segment part 4.
    -------------------------------------------------------------------------
CSTART
  Relative segment, address: C016 - C019 (0x4 bytes), align: 1
  Segment part 9.
           ENTRY                   ADDRESS         REF BY
           =====                   =======         ======
           __program_start         C016            ?reset_vector (?reset_vector)
                                                   Absolute parts (?ABS_ENTRY_MOD)
           ?cstart_begin           C016 
    -------------------------------------------------------------------------
CSTART
  Relative segment, address: C01A - C025 (0xc bytes), align: 1
  Segment part 14.
           ENTRY                   ADDRESS         REF BY
           =====                   =======         ======
           ?cstart_init_zero       C01A            Port_2::i (main)
                                                   data2 (main)
                                                   dataflag (main)
                                                   tanimliIDs (main)
    -------------------------------------------------------------------------
CSTART
  Relative segment, address: C026 - C035 (0x10 bytes), align: 1
  Segment part 15.
           ENTRY                   ADDRESS         REF BY
           =====                   =======         ======
           ?cstart_init_copy       C026            DefaultKey (main)
                                                   data1 (main)
    -------------------------------------------------------------------------
CSTART
  Relative segment, address: C036 - C03D (0x8 bytes), align: 1
  Segment part 19.            Intra module refs:   Segment part 9
           ENTRY                   ADDRESS         REF BY
           =====                   =======         ======
           ?cstart_call_main       C036 
           ?cstart_end             C03E 

    -------------------------------------------------------------------------
  LIBRARY MODULE, NAME : ?reset_vector

  SEGMENTS IN THE MODULE
  ======================
RESET
  Relative segment, address: FFFE - FFFF (0x2 bytes), align: 1
  Segment part 0.
           ENTRY                   ADDRESS         REF BY
           =====                   =======         ======
           ?reset_vector           FFFE            Segment part 9 (?cstart)

    -------------------------------------------------------------------------
  LIBRARY MODULE, NAME : ?Epilogue

  SEGMENTS IN THE MODULE
  ======================
<CODE> 1 (was CODE)
  Relative segment, address: C944 - C945 (0x2 bytes), align: 1
  Segment part 0.
           ENTRY                   ADDRESS         REF BY
           =====                   =======         ======
           ?Epilogue8              C944            ToCard (myRc522)
    -------------------------------------------------------------------------
<CODE> 1 (was CODE)
  Relative segment, address: C946 - C947 (0x2 bytes), align: 1
  Segment part 1.             Intra module refs:   ?Epilogue8
           ENTRY                   ADDRESS         REF BY
           =====                   =======         ======
           ?Epilogue7              C946 
    -------------------------------------------------------------------------
<CODE> 1 (was CODE)
  Relative segment, address: C948 - C949 (0x2 bytes), align: 1
  Segment part 2.             Intra module refs:   ?Epilogue7
           ENTRY                   ADDRESS         REF BY
           =====                   =======         ======
           ?Epilogue6              C948            Auth (myRc522)
    -------------------------------------------------------------------------
<CODE> 1 (was CODE)
  Relative segment, address: C94A - C94B (0x2 bytes), align: 1
  Segment part 3.             Intra module refs:   ?Epilogue6
           ENTRY                   ADDRESS         REF BY
           =====                   =======         ======
           ?Epilogue5              C94A            CalulateCRC (myRc522)
    -------------------------------------------------------------------------
<CODE> 1 (was CODE)
  Relative segment, address: C94C - C94D (0x2 bytes), align: 1
  Segment part 4.             Intra module refs:   ?Epilogue5
           ENTRY                   ADDRESS         REF BY
           =====                   =======         ======
           ?Epilogue4              C94C            SelectTag (myRc522)
                                                   WriteBlock (myRc522)
                                                   kartIDOku (myRc522)
    -------------------------------------------------------------------------
<CODE> 1 (was CODE)
  Relative segment, address: C94E - C955 (0x8 bytes), align: 1
  Segment part 5.             Intra module refs:   ?Epilogue4
           ENTRY                   ADDRESS         REF BY
           =====                   =======         ======
           ?Epilogue3              C94E            ReadBlock (myRc522)
                                                   Request (myRc522)

    -------------------------------------------------------------------------
  LIBRARY MODULE, NAME : ?exit

  SEGMENTS IN THE MODULE
  ======================
<CODE> 1 (was CODE)
  Relative segment, address: C9CE - C9D1 (0x4 bytes), align: 1
  Segment part 2.
           ENTRY                   ADDRESS         REF BY
           =====                   =======         ======
           exit                    C9CE            Segment part 19 (?cstart)
               calls direct

    -------------------------------------------------------------------------
  LIBRARY MODULE, NAME : ?memcpy

  SEGMENTS IN THE MODULE
  ======================
<CODE> 1 (was CODE)
  Relative segment, address: C968 - C979 (0x12 bytes), align: 1
  Segment part 2.
           ENTRY                   ADDRESS         REF BY
           =====                   =======         ======
           memcpy                  C968            __data16_memcpy (?memzero)

    -------------------------------------------------------------------------
  LIBRARY MODULE, NAME : ?ClearMemoryWords

  SEGMENTS IN THE MODULE
  ======================
<CODE> 1 (was CODE)
  Relative segment, address: C97A - C989 (0x10 bytes), align: 1
  Segment part 0.
           ENTRY                   ADDRESS         REF BY
           =====                   =======         ======
           ?ClearMemoryWords       C97A            main (main)

    -------------------------------------------------------------------------
  LIBRARY MODULE, NAME : ?memzero

  SEGMENTS IN THE MODULE
  ======================
<CODE> 1 (was CODE)
  Relative segment, address: C98A - C999 (0x10 bytes), align: 1
  Segment part 2.
           ENTRY                   ADDRESS         REF BY
           =====                   =======         ======
           __data16_memzero        C98A            ?cstart_init_zero (?cstart)
    -------------------------------------------------------------------------
<CODE> 1 (was CODE)
  Relative segment, address: C9CA - C9CD (0x4 bytes), align: 1
  Segment part 3.
           ENTRY                   ADDRESS         REF BY
           =====                   =======         ======
           __data16_memcpy         C9CA            ?cstart_init_copy (?cstart)
               calls direct




                ****************************************
                *                                      *
                *      SEGMENTS IN ADDRESS ORDER       *
                *                                      *
                ****************************************


SEGMENT              SPACE    START ADDRESS   END ADDRESS     SIZE  TYPE  ALIGN
=======              =====    =============   ===========     ====  ====  =====
DATA16_AN                              0003 - 0003               1   rel    0
                                       0020 - 0027               8 
                                       0029 - 002D               5 
                                       002F - 002F               1 
                                       0041 - 0041               1 
                                       0061 - 0061               1 
                                       0068 - 006B               4 
                                       006E - 006F               2 
                                       0120 - 0121               2 
DATA16_I                               0200 - 0215              16   rel    1
DATA16_Z                               0216 - 025A              45   rel    1
CSTACK                                 03B0 - 03FF              50   rel    1
DATA16_C                                  C000                       dse    0
DATA16_ID                              C000 - C015              16   rel    1
CSTART                                 C016 - C03D              28   rel    1
<CODE> 1                               C03E - C9D3             996   rel    1
INTVEC                                 FFE0 - FFE7               8   com    1
RESET                                  FFFE - FFFF               2   rel    1

                ****************************************
                *                                      *
                *        END OF CROSS REFERENCE        *
                *                                      *
                ****************************************

 2 504 bytes of CODE  memory
   171 bytes of DATA  memory (+ 25 absolute )
    22 bytes of CONST memory

Errors: none
Warnings: 5

